
Allocating common symbols
Common symbol       size              file

b                   0x3               main.o

Memory Configuration

Name             Origin             Length             Attributes
flash            0x08000000         0x00020000         xr
sram             0x20000000         0x00005000         xrw
*default*        0x00000000         0xffffffff

Linker script and memory map


.text           0x08000000      0x128
 *(.vectors*)
 .vectors       0x08000000       0x1c startup.o
                0x08000000                vectors
 *(.text*)
 .text          0x0800001c       0x90 startup.o
                0x0800001c                Bus_fault
                0x0800001c                MM_fault_Handler
                0x0800001c                H_fault_Handler
                0x0800001c                Usange_fault_Handler
                0x0800001c                Default_Handler
                0x0800001c                NMI_Handler
                0x08000028                Reset_Handler
 .text          0x080000ac       0x7c main.o
                0x080000ac                main
 *(.rodata)
                0x08000128                _E_text = .

.glue_7         0x08000128        0x0
 .glue_7        0x08000128        0x0 linker stubs

.glue_7t        0x08000128        0x0
 .glue_7t       0x08000128        0x0 linker stubs

.vfp11_veneer   0x08000128        0x0
 .vfp11_veneer  0x08000128        0x0 linker stubs

.v4_bx          0x08000128        0x0
 .v4_bx         0x08000128        0x0 linker stubs

.iplt           0x08000128        0x0
 .iplt          0x08000128        0x0 startup.o

.rel.dyn        0x08000128        0x0
 .rel.iplt      0x08000128        0x0 startup.o

.data           0x20000000        0x4 load address 0x08000128
                0x20000000                _S_data = .
 *(.data)
 .data          0x20000000        0x0 startup.o
 .data          0x20000000        0x4 main.o
                0x20000000                R_ODR
                0x20000004                . = ALIGN (0x4)
                0x20000004                _E_data = .

.igot.plt       0x20000004        0x0 load address 0x0800012c
 .igot.plt      0x20000004        0x0 startup.o

.bss            0x20000004      0x3eb load address 0x0800012c
                0x20000004                _S_bss = .
 *(.bss)
 .bss           0x20000004        0x0 startup.o
 .bss           0x20000004        0x0 main.o
                0x20000004                _E_bss = .
                0x20000004                . = ALIGN (0x4)
                0x200003ec                . = (. + 0x3e8)
 *fill*         0x20000004      0x3e8 
                0x200003ec                _stack_top = .
 COMMON         0x200003ec        0x3 main.o
                0x200003ec                b
LOAD startup.o
LOAD main.o
OUTPUT(learn-in-depth_cortex_m3.elf elf32-littlearm)

.debug_info     0x00000000      0x2fe
 .debug_info    0x00000000      0x18f startup.o
 .debug_info    0x0000018f      0x16f main.o

.debug_abbrev   0x00000000      0x1d5
 .debug_abbrev  0x00000000       0xd4 startup.o
 .debug_abbrev  0x000000d4      0x101 main.o

.debug_loc      0x00000000       0xb4
 .debug_loc     0x00000000       0x7c startup.o
 .debug_loc     0x0000007c       0x38 main.o

.debug_aranges  0x00000000       0x40
 .debug_aranges
                0x00000000       0x20 startup.o
 .debug_aranges
                0x00000020       0x20 main.o

.debug_line     0x00000000      0x267
 .debug_line    0x00000000      0x13c startup.o
 .debug_line    0x0000013c      0x12b main.o

.debug_str      0x00000000      0x1ac
 .debug_str     0x00000000      0x16f startup.o
                                0x1ac (size before relaxing)
 .debug_str     0x0000016f       0x3d main.o
                                0x163 (size before relaxing)

.comment        0x00000000       0x7e
 .comment       0x00000000       0x7e startup.o
                                 0x7f (size before relaxing)
 .comment       0x0000007e       0x7f main.o

.ARM.attributes
                0x00000000       0x33
 .ARM.attributes
                0x00000000       0x33 startup.o
 .ARM.attributes
                0x00000033       0x33 main.o

.debug_frame    0x00000000       0x7c
 .debug_frame   0x00000000       0x50 startup.o
 .debug_frame   0x00000050       0x2c main.o
