Archive member included to satisfy reference by file (symbol)

c:/st/stm32cubeide_1.4.0/stm32cubeide/plugins/com.st.stm32cube.ide.mcu.externaltools.gnu-tools-for-stm32.10.3-2021.10.win32_1.0.200.202301161003/tools/bin/../lib/gcc/arm-none-eabi/10.3.1/../../../../arm-none-eabi/lib/thumb/v7-m/nofp\libc_nano.a(lib_a-errno.o)
                              ./Src/syscalls.o (__errno)
c:/st/stm32cubeide_1.4.0/stm32cubeide/plugins/com.st.stm32cube.ide.mcu.externaltools.gnu-tools-for-stm32.10.3-2021.10.win32_1.0.200.202301161003/tools/bin/../lib/gcc/arm-none-eabi/10.3.1/../../../../arm-none-eabi/lib/thumb/v7-m/nofp\libc_nano.a(lib_a-exit.o)
                              c:/st/stm32cubeide_1.4.0/stm32cubeide/plugins/com.st.stm32cube.ide.mcu.externaltools.gnu-tools-for-stm32.10.3-2021.10.win32_1.0.200.202301161003/tools/bin/../lib/gcc/arm-none-eabi/10.3.1/../../../../arm-none-eabi/lib/thumb/v7-m/nofp/crt0.o (exit)
c:/st/stm32cubeide_1.4.0/stm32cubeide/plugins/com.st.stm32cube.ide.mcu.externaltools.gnu-tools-for-stm32.10.3-2021.10.win32_1.0.200.202301161003/tools/bin/../lib/gcc/arm-none-eabi/10.3.1/../../../../arm-none-eabi/lib/thumb/v7-m/nofp\libc_nano.a(lib_a-impure.o)
                              c:/st/stm32cubeide_1.4.0/stm32cubeide/plugins/com.st.stm32cube.ide.mcu.externaltools.gnu-tools-for-stm32.10.3-2021.10.win32_1.0.200.202301161003/tools/bin/../lib/gcc/arm-none-eabi/10.3.1/../../../../arm-none-eabi/lib/thumb/v7-m/nofp\libc_nano.a(lib_a-exit.o) (_global_impure_ptr)
c:/st/stm32cubeide_1.4.0/stm32cubeide/plugins/com.st.stm32cube.ide.mcu.externaltools.gnu-tools-for-stm32.10.3-2021.10.win32_1.0.200.202301161003/tools/bin/../lib/gcc/arm-none-eabi/10.3.1/../../../../arm-none-eabi/lib/thumb/v7-m/nofp\libc_nano.a(lib_a-init.o)
                              c:/st/stm32cubeide_1.4.0/stm32cubeide/plugins/com.st.stm32cube.ide.mcu.externaltools.gnu-tools-for-stm32.10.3-2021.10.win32_1.0.200.202301161003/tools/bin/../lib/gcc/arm-none-eabi/10.3.1/../../../../arm-none-eabi/lib/thumb/v7-m/nofp/crt0.o (__libc_init_array)
c:/st/stm32cubeide_1.4.0/stm32cubeide/plugins/com.st.stm32cube.ide.mcu.externaltools.gnu-tools-for-stm32.10.3-2021.10.win32_1.0.200.202301161003/tools/bin/../lib/gcc/arm-none-eabi/10.3.1/../../../../arm-none-eabi/lib/thumb/v7-m/nofp\libc_nano.a(lib_a-memset.o)
                              c:/st/stm32cubeide_1.4.0/stm32cubeide/plugins/com.st.stm32cube.ide.mcu.externaltools.gnu-tools-for-stm32.10.3-2021.10.win32_1.0.200.202301161003/tools/bin/../lib/gcc/arm-none-eabi/10.3.1/../../../../arm-none-eabi/lib/thumb/v7-m/nofp/crt0.o (memset)

Discarded input sections

 .text          0x0000000000000000        0x0 c:/st/stm32cubeide_1.4.0/stm32cubeide/plugins/com.st.stm32cube.ide.mcu.externaltools.gnu-tools-for-stm32.10.3-2021.10.win32_1.0.200.202301161003/tools/bin/../lib/gcc/arm-none-eabi/10.3.1/thumb/v7-m/nofp/crti.o
 .data          0x0000000000000000        0x0 c:/st/stm32cubeide_1.4.0/stm32cubeide/plugins/com.st.stm32cube.ide.mcu.externaltools.gnu-tools-for-stm32.10.3-2021.10.win32_1.0.200.202301161003/tools/bin/../lib/gcc/arm-none-eabi/10.3.1/thumb/v7-m/nofp/crti.o
 .bss           0x0000000000000000        0x0 c:/st/stm32cubeide_1.4.0/stm32cubeide/plugins/com.st.stm32cube.ide.mcu.externaltools.gnu-tools-for-stm32.10.3-2021.10.win32_1.0.200.202301161003/tools/bin/../lib/gcc/arm-none-eabi/10.3.1/thumb/v7-m/nofp/crti.o
 .data          0x0000000000000000        0x4 c:/st/stm32cubeide_1.4.0/stm32cubeide/plugins/com.st.stm32cube.ide.mcu.externaltools.gnu-tools-for-stm32.10.3-2021.10.win32_1.0.200.202301161003/tools/bin/../lib/gcc/arm-none-eabi/10.3.1/thumb/v7-m/nofp/crtbegin.o
 .rodata        0x0000000000000000       0x24 c:/st/stm32cubeide_1.4.0/stm32cubeide/plugins/com.st.stm32cube.ide.mcu.externaltools.gnu-tools-for-stm32.10.3-2021.10.win32_1.0.200.202301161003/tools/bin/../lib/gcc/arm-none-eabi/10.3.1/thumb/v7-m/nofp/crtbegin.o
 .text          0x0000000000000000       0x7c c:/st/stm32cubeide_1.4.0/stm32cubeide/plugins/com.st.stm32cube.ide.mcu.externaltools.gnu-tools-for-stm32.10.3-2021.10.win32_1.0.200.202301161003/tools/bin/../lib/gcc/arm-none-eabi/10.3.1/../../../../arm-none-eabi/lib/thumb/v7-m/nofp/crt0.o
 .data          0x0000000000000000        0x0 c:/st/stm32cubeide_1.4.0/stm32cubeide/plugins/com.st.stm32cube.ide.mcu.externaltools.gnu-tools-for-stm32.10.3-2021.10.win32_1.0.200.202301161003/tools/bin/../lib/gcc/arm-none-eabi/10.3.1/../../../../arm-none-eabi/lib/thumb/v7-m/nofp/crt0.o
 .bss           0x0000000000000000        0x0 c:/st/stm32cubeide_1.4.0/stm32cubeide/plugins/com.st.stm32cube.ide.mcu.externaltools.gnu-tools-for-stm32.10.3-2021.10.win32_1.0.200.202301161003/tools/bin/../lib/gcc/arm-none-eabi/10.3.1/../../../../arm-none-eabi/lib/thumb/v7-m/nofp/crt0.o
[...]
Memory Configuration

Name             Origin             Length             Attributes
RAM              0x0000000020000000 0x0000000000005000 xrw
FLASH            0x0000000008000000 0x0000000000010000 xr
*default*        0x0000000000000000 0xffffffffffffffff

Linker script and memory map

LOAD c:/st/stm32cubeide_1.4.0/stm32cubeide/plugins/com.st.stm32cube.ide.mcu.externaltools.gnu-tools-for-stm32.10.3-2021.10.win32_1.0.200.202301161003/tools/bin/../lib/gcc/arm-none-eabi/10.3.1/thumb/v7-m/nofp/crti.o
LOAD c:/st/stm32cubeide_1.4.0/stm32cubeide/plugins/com.st.stm32cube.ide.mcu.externaltools.gnu-tools-for-stm32.10.3-2021.10.win32_1.0.200.202301161003/tools/bin/../lib/gcc/arm-none-eabi/10.3.1/thumb/v7-m/nofp/crtbegin.o
LOAD c:/st/stm32cubeide_1.4.0/stm32cubeide/plugins/com.st.stm32cube.ide.mcu.externaltools.gnu-tools-for-stm32.10.3-2021.10.win32_1.0.200.202301161003/tools/bin/../lib/gcc/arm-none-eabi/10.3.1/../../../../arm-none-eabi/lib/thumb/v7-m/nofp/crt0.o
LOAD ./Src/main.o
LOAD ./Src/syscalls.o
LOAD ./Src/sysmem.o
LOAD ./Startup/startup_stm32f103c8tx.o
LOAD ./Stm32_F103C6_Drivers/GPIO/stm32f103x8_gpio_driver.o
LOAD ./Stm32_F103C6_Drivers/stm32f103x8_EXTI_driver.o
LOAD ./Stm32_F103C6_Drivers/stm32f103x8_I2C_Drver.o
LOAD ./Stm32_F103C6_Drivers/stm32f103x8_RCC_driver.o
LOAD ./Stm32_F103C6_Drivers/stm32f103x8_SPI_Drver.o
LOAD ./Stm32_F103C6_Drivers/stm32f103x8_USART_driver.o
START GROUP
LOAD c:/st/stm32cubeide_1.4.0/stm32cubeide/plugins/com.st.stm32cube.ide.mcu.externaltools.gnu-tools-for-stm32.10.3-2021.10.win32_1.0.200.202301161003/tools/bin/../lib/gcc/arm-none-eabi/10.3.1/../../../../arm-none-eabi/lib/thumb/v7-m/nofp\libc_nano.a
LOAD c:/st/stm32cubeide_1.4.0/stm32cubeide/plugins/com.st.stm32cube.ide.mcu.externaltools.gnu-tools-for-stm32.10.3-2021.10.win32_1.0.200.202301161003/tools/bin/../lib/gcc/arm-none-eabi/10.3.1/../../../../arm-none-eabi/lib/thumb/v7-m/nofp\libm.a
END GROUP
START GROUP
LOAD c:/st/stm32cubeide_1.4.0/stm32cubeide/plugins/com.st.stm32cube.ide.mcu.externaltools.gnu-tools-for-stm32.10.3-2021.10.win32_1.0.200.202301161003/tools/bin/../lib/gcc/arm-none-eabi/10.3.1/thumb/v7-m/nofp\libgcc.a
LOAD c:/st/stm32cubeide_1.4.0/stm32cubeide/plugins/com.st.stm32cube.ide.mcu.externaltools.gnu-tools-for-stm32.10.3-2021.10.win32_1.0.200.202301161003/tools/bin/../lib/gcc/arm-none-eabi/10.3.1/../../../../arm-none-eabi/lib/thumb/v7-m/nofp\libc_nano.a
END GROUP
START GROUP
LOAD c:/st/stm32cubeide_1.4.0/stm32cubeide/plugins/com.st.stm32cube.ide.mcu.externaltools.gnu-tools-for-stm32.10.3-2021.10.win32_1.0.200.202301161003/tools/bin/../lib/gcc/arm-none-eabi/10.3.1/thumb/v7-m/nofp\libgcc.a
LOAD c:/st/stm32cubeide_1.4.0/stm32cubeide/plugins/com.st.stm32cube.ide.mcu.externaltools.gnu-tools-for-stm32.10.3-2021.10.win32_1.0.200.202301161003/tools/bin/../lib/gcc/arm-none-eabi/10.3.1/../../../../arm-none-eabi/lib/thumb/v7-m/nofp\libc_nano.a
LOAD c:/st/stm32cubeide_1.4.0/stm32cubeide/plugins/com.st.stm32cube.ide.mcu.externaltools.gnu-tools-for-stm32.10.3-2021.10.win32_1.0.200.202301161003/tools/bin/../lib/gcc/arm-none-eabi/10.3.1/../../../../arm-none-eabi/lib/thumb/v7-m/nofp\libnosys.a
END GROUP
START GROUP
LOAD c:/st/stm32cubeide_1.4.0/stm32cubeide/plugins/com.st.stm32cube.ide.mcu.externaltools.gnu-tools-for-stm32.10.3-2021.10.win32_1.0.200.202301161003/tools/bin/../lib/gcc/arm-none-eabi/10.3.1/thumb/v7-m/nofp\libgcc.a
LOAD c:/st/stm32cubeide_1.4.0/stm32cubeide/plugins/com.st.stm32cube.ide.mcu.externaltools.gnu-tools-for-stm32.10.3-2021.10.win32_1.0.200.202301161003/tools/bin/../lib/gcc/arm-none-eabi/10.3.1/../../../../arm-none-eabi/lib/thumb/v7-m/nofp\libc_nano.a
LOAD c:/st/stm32cubeide_1.4.0/stm32cubeide/plugins/com.st.stm32cube.ide.mcu.externaltools.gnu-tools-for-stm32.10.3-2021.10.win32_1.0.200.202301161003/tools/bin/../lib/gcc/arm-none-eabi/10.3.1/../../../../arm-none-eabi/lib/thumb/v7-m/nofp\libnosys.a
END GROUP
LOAD c:/st/stm32cubeide_1.4.0/stm32cubeide/plugins/com.st.stm32cube.ide.mcu.externaltools.gnu-tools-for-stm32.10.3-2021.10.win32_1.0.200.202301161003/tools/bin/../lib/gcc/arm-none-eabi/10.3.1/thumb/v7-m/nofp/crtend.o
LOAD c:/st/stm32cubeide_1.4.0/stm32cubeide/plugins/com.st.stm32cube.ide.mcu.externaltools.gnu-tools-for-stm32.10.3-2021.10.win32_1.0.200.202301161003/tools/bin/../lib/gcc/arm-none-eabi/10.3.1/thumb/v7-m/nofp/crtn.o
                0x0000000020005000                _estack = (ORIGIN (RAM) + LENGTH (RAM))
                0x0000000000000200                _Min_Heap_Size = 0x200
                0x0000000000000400                _Min_Stack_Size = 0x400

.isr_vector     0x0000000008000000      0x130
                0x0000000008000000                . = ALIGN (0x4)
 *(.isr_vector)
 .isr_vector    0x0000000008000000      0x130 ./Startup/startup_stm32f103c8tx.o
                0x0000000008000000                g_pfnVectors
                0x0000000008000130                . = ALIGN (0x4)

.text           0x0000000008000130      0xe80
                0x0000000008000130                . = ALIGN (0x4)
 *(.text)
 .text          0x0000000008000130       0x40 c:/st/stm32cubeide_1.4.0/stm32cubeide/plugins/com.st.stm32cube.ide.mcu.externaltools.gnu-tools-for-stm32.10.3-2021.10.win32_1.0.200.202301161003/tools/bin/../lib/gcc/arm-none-eabi/10.3.1/thumb/v7-m/nofp/crtbegin.o
 *(.text*)
 .text.SWITCH_CPU_AcessLevel
                0x0000000008000170       0x40 ./Src/main.o
                0x0000000008000170                SWITCH_CPU_AcessLevel
 .text.SVC_Handler
                0x00000000080001b0        0xe ./Src/main.o
                0x00000000080001b0                SVC_Handler
 *fill*         0x00000000080001be        0x2 
 .text.EXTI9_CALLBACK
                0x00000000080001c0       0x48 ./Src/main.o
                0x00000000080001c0                EXTI9_CALLBACK
 .text.TASKA    0x0000000008000208       0x20 ./Src/main.o
                0x0000000008000208                TASKA
 .text.TASKB    0x0000000008000228       0x26 ./Src/main.o
                0x0000000008000228                TASKB
 *fill*         0x000000000800024e        0x2 
 .text.mainOS   0x0000000008000250       0xf0 ./Src/main.o
                0x0000000008000250                mainOS
 .text.main     0x0000000008000340       0x6c ./Src/main.o
                0x0000000008000340                main
 .text.Reset_Handler
                0x00000000080003ac       0x50 ./Startup/startup_stm32f103c8tx.o
                0x00000000080003ac                Reset_Handler
 .text.Default_Handler
                0x00000000080003fc        0x2 ./Startup/startup_stm32f103c8tx.o
                0x00000000080003fc                TIM8_TRG_COM_IRQHandler
                0x00000000080003fc                TIM8_CC_IRQHandler
                0x00000000080003fc                DebugMon_Handler
                0x00000000080003fc                TIM1_CC_IRQHandler
                0x00000000080003fc                HardFault_Handler
                0x00000000080003fc                TIM6_IRQHandler
                0x00000000080003fc                SysTick_Handler
                0x00000000080003fc                PVD_IRQHandler
                0x00000000080003fc                SDIO_IRQHandler
                0x00000000080003fc                PendSV_Handler
                0x00000000080003fc                NMI_Handler
                0x00000000080003fc                USB_HP_CAN_TX_IRQHandler
                0x00000000080003fc                UsageFault_Handler
                0x00000000080003fc                ADC1_2_IRQHandler
                0x00000000080003fc                CAN_SCE_IRQHandler
                0x00000000080003fc                TAMPER_IRQHandler
                0x00000000080003fc                TIM8_UP_IRQHandler
                0x00000000080003fc                DMA2_Channel2_IRQHandler
                0x00000000080003fc                DMA1_Channel4_IRQHandler
                0x00000000080003fc                RTC_IRQHandler
                0x00000000080003fc                DMA1_Channel7_IRQHandler
                0x00000000080003fc                UART5_IRQHandler
                0x00000000080003fc                ADC3_IRQHandler
                0x00000000080003fc                TIM4_IRQHandler
                0x00000000080003fc                CAN_RX1_IRQHandler
                0x00000000080003fc                DMA2_Channel1_IRQHandler
                0x00000000080003fc                DMA1_Channel6_IRQHandler
                0x00000000080003fc                UART4_IRQHandler
                0x00000000080003fc                TIM3_IRQHandler
                0x00000000080003fc                RCC_IRQHandler
                0x00000000080003fc                TIM1_TRG_COM_IRQHandler
                0x00000000080003fc                DMA1_Channel1_IRQHandler
                0x00000000080003fc                Default_Handler
                0x00000000080003fc                TIM7_IRQHandler
                0x00000000080003fc                TIM5_IRQHandler
                0x00000000080003fc                USB_LP_CAN_RX0_IRQHandler
                0x00000000080003fc                MemManage_Handler
                0x00000000080003fc                DMA1_Channel5_IRQHandler
                0x00000000080003fc                DMA1_Channel3_IRQHandler
                0x00000000080003fc                FSMC_IRQHandler
                0x00000000080003fc                TIM1_UP_IRQHandler
                0x00000000080003fc                WWDG_IRQHandler
                0x00000000080003fc                TIM2_IRQHandler
                0x00000000080003fc                TIM1_BRK_IRQHandler
                0x00000000080003fc                RTCAlarm_IRQHandler
                0x00000000080003fc                DMA2_Channel4_5_IRQHandler
                0x00000000080003fc                DMA1_Channel2_IRQHandler
                0x00000000080003fc                TIM8_BRK_IRQHandler
                0x00000000080003fc                FLASH_IRQHandler
                0x00000000080003fc                BusFault_Handler
                0x00000000080003fc                SPI3_IRQHandler
                0x00000000080003fc                DMA2_Channel3_IRQHandler
 *fill*         0x00000000080003fe        0x2 
 .text.Get_CRLH_Position
                0x0000000008000400      0x170 ./Stm32_F103C6_Drivers/GPIO/stm32f103x8_gpio_driver.o
                0x0000000008000400                Get_CRLH_Position
 .text.MCAL_GPIO_Init
                0x0000000008000570      0x154 ./Stm32_F103C6_Drivers/GPIO/stm32f103x8_gpio_driver.o
                0x0000000008000570                MCAL_GPIO_Init
 .text.Enable_NVIC
                0x00000000080006c4       0xcc ./Stm32_F103C6_Drivers/stm32f103x8_EXTI_driver.o
                0x00000000080006c4                Enable_NVIC
 .text.Disable_NVIC
                0x0000000008000790       0xcc ./Stm32_F103C6_Drivers/stm32f103x8_EXTI_driver.o
                0x0000000008000790                Disable_NVIC
 .text.Update_EXTI
                0x000000000800085c      0x1d8 ./Stm32_F103C6_Drivers/stm32f103x8_EXTI_driver.o
                0x000000000800085c                Update_EXTI
 .text.MCAL_EXTI_GPIO_Init
                0x0000000008000a34       0x16 ./Stm32_F103C6_Drivers/stm32f103x8_EXTI_driver.o
                0x0000000008000a34                MCAL_EXTI_GPIO_Init
 *fill*         0x0000000008000a4a        0x2 
 .text.EXTI0_IRQHandler
                0x0000000008000a4c       0x24 ./Stm32_F103C6_Drivers/stm32f103x8_EXTI_driver.o
                0x0000000008000a4c                EXTI0_IRQHandler
 .text.EXTI1_IRQHandler
                0x0000000008000a70       0x24 ./Stm32_F103C6_Drivers/stm32f103x8_EXTI_driver.o
                0x0000000008000a70                EXTI1_IRQHandler
 .text.EXTI2_IRQHandler
                0x0000000008000a94       0x24 ./Stm32_F103C6_Drivers/stm32f103x8_EXTI_driver.o
                0x0000000008000a94                EXTI2_IRQHandler
 .text.EXTI3_IRQHandler
                0x0000000008000ab8       0x24 ./Stm32_F103C6_Drivers/stm32f103x8_EXTI_driver.o
                0x0000000008000ab8                EXTI3_IRQHandler
 .text.EXTI4_IRQHandler
                0x0000000008000adc       0x24 ./Stm32_F103C6_Drivers/stm32f103x8_EXTI_driver.o
                0x0000000008000adc                EXTI4_IRQHandler
 .text.EXTI9_5_IRQHandler
                0x0000000008000b00       0xa8 ./Stm32_F103C6_Drivers/stm32f103x8_EXTI_driver.o
                0x0000000008000b00                EXTI9_5_IRQHandler
 .text.EXTI15_10_IRQHandler
                0x0000000008000ba8       0xc4 ./Stm32_F103C6_Drivers/stm32f103x8_EXTI_driver.o
                0x0000000008000ba8                EXTI15_10_IRQHandler
 .text.I2C1_ER_IRQHandler
                0x0000000008000c6c        0xc ./Stm32_F103C6_Drivers/stm32f103x8_I2C_Drver.o
                0x0000000008000c6c                I2C1_ER_IRQHandler
 .text.I2C1_EV_IRQHandler
                0x0000000008000c78       0xec ./Stm32_F103C6_Drivers/stm32f103x8_I2C_Drver.o
                0x0000000008000c78                I2C1_EV_IRQHandler
 .text.Slave_States
                0x0000000008000d64       0xe0 ./Stm32_F103C6_Drivers/stm32f103x8_I2C_Drver.o
                0x0000000008000d64                Slave_States
 .text.I2C2_ER_IRQHandler
                0x0000000008000e44        0xc ./Stm32_F103C6_Drivers/stm32f103x8_I2C_Drver.o
                0x0000000008000e44                I2C2_ER_IRQHandler
 .text.I2C2_EV_IRQHandler
                0x0000000008000e50        0xc ./Stm32_F103C6_Drivers/stm32f103x8_I2C_Drver.o
                0x0000000008000e50                I2C2_EV_IRQHandler
 .text.SPI1_IRQHandler
                0x0000000008000e5c       0x5c ./Stm32_F103C6_Drivers/stm32f103x8_SPI_Drver.o
                0x0000000008000e5c                SPI1_IRQHandler
 .text.SPI2_IRQHandler
                0x0000000008000eb8       0x5c ./Stm32_F103C6_Drivers/stm32f103x8_SPI_Drver.o
                0x0000000008000eb8                SPI2_IRQHandler
 .text.USART1_IRQHandler
                0x0000000008000f14       0x14 ./Stm32_F103C6_Drivers/stm32f103x8_USART_driver.o
                0x0000000008000f14                USART1_IRQHandler
 .text.USART2_IRQHandler
                0x0000000008000f28       0x14 ./Stm32_F103C6_Drivers/stm32f103x8_USART_driver.o
                0x0000000008000f28                USART2_IRQHandler
 .text.USART3_IRQHandler
                0x0000000008000f3c       0x14 ./Stm32_F103C6_Drivers/stm32f103x8_USART_driver.o
                0x0000000008000f3c                USART3_IRQHandler
 .text.__libc_init_array
                0x0000000008000f50       0x48 c:/st/stm32cubeide_1.4.0/stm32cubeide/plugins/com.st.stm32cube.ide.mcu.externaltools.gnu-tools-for-stm32.10.3-2021.10.win32_1.0.200.202301161003/tools/bin/../lib/gcc/arm-none-eabi/10.3.1/../../../../arm-none-eabi/lib/thumb/v7-m/nofp\libc_nano.a(lib_a-init.o)
                0x0000000008000f50                __libc_init_array
 *(.glue_7)
 .glue_7        0x0000000008000f98        0x0 linker stubs
 *(.glue_7t)
 .glue_7t       0x0000000008000f98        0x0 linker stubs
 *(.eh_frame)
 .eh_frame      0x0000000008000f98        0x0 c:/st/stm32cubeide_1.4.0/stm32cubeide/plugins/com.st.stm32cube.ide.mcu.externaltools.gnu-tools-for-stm32.10.3-2021.10.win32_1.0.200.202301161003/tools/bin/../lib/gcc/arm-none-eabi/10.3.1/thumb/v7-m/nofp/crtbegin.o
 *(.init)
 .init          0x0000000008000f98        0x4 c:/st/stm32cubeide_1.4.0/stm32cubeide/plugins/com.st.stm32cube.ide.mcu.externaltools.gnu-tools-for-stm32.10.3-2021.10.win32_1.0.200.202301161003/tools/bin/../lib/gcc/arm-none-eabi/10.3.1/thumb/v7-m/nofp/crti.o
                0x0000000008000f98                _init
 .init          0x0000000008000f9c        0x8 c:/st/stm32cubeide_1.4.0/stm32cubeide/plugins/com.st.stm32cube.ide.mcu.externaltools.gnu-tools-for-stm32.10.3-2021.10.win32_1.0.200.202301161003/tools/bin/../lib/gcc/arm-none-eabi/10.3.1/thumb/v7-m/nofp/crtn.o
 *(.fini)
 .fini          0x0000000008000fa4        0x4 c:/st/stm32cubeide_1.4.0/stm32cubeide/plugins/com.st.stm32cube.ide.mcu.externaltools.gnu-tools-for-stm32.10.3-2021.10.win32_1.0.200.202301161003/tools/bin/../lib/gcc/arm-none-eabi/10.3.1/thumb/v7-m/nofp/crti.o
                0x0000000008000fa4                _fini
 .fini          0x0000000008000fa8        0x8 c:/st/stm32cubeide_1.4.0/stm32cubeide/plugins/com.st.stm32cube.ide.mcu.externaltools.gnu-tools-for-stm32.10.3-2021.10.win32_1.0.200.202301161003/tools/bin/../lib/gcc/arm-none-eabi/10.3.1/thumb/v7-m/nofp/crtn.o
                0x0000000008000fb0                . = ALIGN (0x4)
                0x0000000008000fb0                _etext = .

.vfp11_veneer   0x0000000008000fb0        0x0
 .vfp11_veneer  0x0000000008000fb0        0x0 linker stubs

.v4_bx          0x0000000008000fb0        0x0
 .v4_bx         0x0000000008000fb0        0x0 linker stubs

.iplt           0x0000000008000fb0        0x0
 .iplt          0x0000000008000fb0        0x0 c:/st/stm32cubeide_1.4.0/stm32cubeide/plugins/com.st.stm32cube.ide.mcu.externaltools.gnu-tools-for-stm32.10.3-2021.10.win32_1.0.200.202301161003/tools/bin/../lib/gcc/arm-none-eabi/10.3.1/thumb/v7-m/nofp/crtbegin.o

.rodata         0x0000000008000fb0        0xc
                0x0000000008000fb0                . = ALIGN (0x4)
 *(.rodata)
 .rodata        0x0000000008000fb0        0xc ./Src/main.o
 *(.rodata*)
                0x0000000008000fbc                . = ALIGN (0x4)

.rel.dyn        0x0000000008000fbc        0x0
 .rel.iplt      0x0000000008000fbc        0x0 c:/st/stm32cubeide_1.4.0/stm32cubeide/plugins/com.st.stm32cube.ide.mcu.externaltools.gnu-tools-for-stm32.10.3-2021.10.win32_1.0.200.202301161003/tools/bin/../lib/gcc/arm-none-eabi/10.3.1/thumb/v7-m/nofp/crtbegin.o

.ARM.extab      0x0000000008000fbc        0x0
                0x0000000008000fbc                . = ALIGN (0x4)
 *(.ARM.extab* .gnu.linkonce.armextab.*)
                0x0000000008000fbc                . = ALIGN (0x4)

.ARM            0x0000000008000fbc        0x0
                0x0000000008000fbc                . = ALIGN (0x4)
                0x0000000008000fbc                __exidx_start = .
 *(.ARM.exidx*)
                0x0000000008000fbc                __exidx_end = .
                0x0000000008000fbc                . = ALIGN (0x4)

.preinit_array  0x0000000008000fbc        0x0
                0x0000000008000fbc                . = ALIGN (0x4)
                0x0000000008000fbc                PROVIDE (__preinit_array_start = .)
 *(.preinit_array*)
                0x0000000008000fbc                PROVIDE (__preinit_array_end = .)
                0x0000000008000fbc                . = ALIGN (0x4)

.init_array     0x0000000008000fbc        0x4
                0x0000000008000fbc                . = ALIGN (0x4)
                0x0000000008000fbc                PROVIDE (__init_array_start = .)
 *(SORT_BY_NAME(.init_array.*))
 *(.init_array*)
 .init_array    0x0000000008000fbc        0x4 c:/st/stm32cubeide_1.4.0/stm32cubeide/plugins/com.st.stm32cube.ide.mcu.externaltools.gnu-tools-for-stm32.10.3-2021.10.win32_1.0.200.202301161003/tools/bin/../lib/gcc/arm-none-eabi/10.3.1/thumb/v7-m/nofp/crtbegin.o
                0x0000000008000fc0                PROVIDE (__init_array_end = .)
                0x0000000008000fc0                . = ALIGN (0x4)

.fini_array     0x0000000008000fc0        0x4
                0x0000000008000fc0                . = ALIGN (0x4)
                [!provide]                        PROVIDE (__fini_array_start = .)
 *(SORT_BY_NAME(.fini_array.*))
 *(.fini_array*)
 .fini_array    0x0000000008000fc0        0x4 c:/st/stm32cubeide_1.4.0/stm32cubeide/plugins/com.st.stm32cube.ide.mcu.externaltools.gnu-tools-for-stm32.10.3-2021.10.win32_1.0.200.202301161003/tools/bin/../lib/gcc/arm-none-eabi/10.3.1/thumb/v7-m/nofp/crtbegin.o
                [!provide]                        PROVIDE (__fini_array_end = .)
                0x0000000008000fc4                . = ALIGN (0x4)
                0x0000000008000fc4                _sidata = LOADADDR (.data)

.data           0x0000000020000000        0x4 load address 0x0000000008000fc4
                0x0000000020000000                . = ALIGN (0x4)
                0x0000000020000000                _sdata = .
 *(.data)
 *(.data*)
 .data._S_MSP   0x0000000020000000        0x4 ./Src/main.o
                0x0000000020000000                _S_MSP
 *(.RamFunc)
 *(.RamFunc*)
                0x0000000020000004                . = ALIGN (0x4)
                0x0000000020000004                _edata = .

.igot.plt       0x0000000020000004        0x0 load address 0x0000000008000fc8
 .igot.plt      0x0000000020000004        0x0 c:/st/stm32cubeide_1.4.0/stm32cubeide/plugins/com.st.stm32cube.ide.mcu.externaltools.gnu-tools-for-stm32.10.3-2021.10.win32_1.0.200.202301161003/tools/bin/../lib/gcc/arm-none-eabi/10.3.1/thumb/v7-m/nofp/crtbegin.o
                0x0000000020000004                . = ALIGN (0x4)

.bss            0x0000000020000004       0xc4 load address 0x0000000008000fc8
                0x0000000020000004                _sbss = .
                0x0000000020000004                __bss_start__ = _sbss
 *(.bss)
 .bss           0x0000000020000004       0x1c c:/st/stm32cubeide_1.4.0/stm32cubeide/plugins/com.st.stm32cube.ide.mcu.externaltools.gnu-tools-for-stm32.10.3-2021.10.win32_1.0.200.202301161003/tools/bin/../lib/gcc/arm-none-eabi/10.3.1/thumb/v7-m/nofp/crtbegin.o
 *(.bss*)
 .bss._E_MSP    0x0000000020000020        0x4 ./Src/main.o
                0x0000000020000020                _E_MSP
 .bss._S_PSP_TA
                0x0000000020000024        0x4 ./Src/main.o
                0x0000000020000024                _S_PSP_TA
 .bss._E_PSP_TA
                0x0000000020000028        0x4 ./Src/main.o
                0x0000000020000028                _E_PSP_TA
 .bss._S_PSP_TB
                0x000000002000002c        0x4 ./Src/main.o
                0x000000002000002c                _S_PSP_TB
 .bss._E_PSP_TB
                0x0000000020000030        0x4 ./Src/main.o
                0x0000000020000030                _E_PSP_TB
 .bss.TASKA_flag
                0x0000000020000034        0x1 ./Src/main.o
                0x0000000020000034                TASKA_flag
 .bss.TASKB_flag
                0x0000000020000035        0x1 ./Src/main.o
                0x0000000020000035                TASKB_flag
 .bss.IRQ_Flag  0x0000000020000036        0x1 ./Src/main.o
                0x0000000020000036                IRQ_Flag
 *fill*         0x0000000020000037        0x1 
 .bss.GP_IRQ_CallBack
                0x0000000020000038       0x3c ./Stm32_F103C6_Drivers/stm32f103x8_EXTI_driver.o
                0x0000000020000038                GP_IRQ_CallBack
 .bss.Global_I2C_Config
                0x0000000020000074       0x48 ./Stm32_F103C6_Drivers/stm32f103x8_I2C_Drver.o
                0x0000000020000074                Global_I2C_Config
 .bss.Global_SPI_Config
                0x00000000200000bc        0x8 ./Stm32_F103C6_Drivers/stm32f103x8_SPI_Drver.o
                0x00000000200000bc                Global_SPI_Config
 .bss.Global_UART_Config
                0x00000000200000c4        0x4 ./Stm32_F103C6_Drivers/stm32f103x8_USART_driver.o
                0x00000000200000c4                Global_UART_Config
 *(COMMON)
                0x00000000200000c8                . = ALIGN (0x4)
                0x00000000200000c8                _ebss = .
                0x00000000200000c8                __bss_end__ = _ebss

._user_heap_stack
                0x00000000200000c8      0x600 load address 0x0000000008000fc8
                0x00000000200000c8                . = ALIGN (0x8)
                [!provide]                        PROVIDE (end = .)
                0x00000000200000c8                PROVIDE (_end = .)
                0x00000000200002c8                . = (. + _Min_Heap_Size)
 *fill*         0x00000000200000c8      0x200 
                0x00000000200006c8                . = (. + _Min_Stack_Size)
 *fill*         0x00000000200002c8      0x400 
                0x00000000200006c8                . = ALIGN (0x8)

/DISCARD/
 libc.a(*)
 libm.a(*)
 libgcc.a(*)

.ARM.attributes
                0x0000000000000000       0x29
 *(.ARM.attributes)
 .ARM.attributes
                0x0000000000000000       0x1d c:/st/stm32cubeide_1.4.0/stm32cubeide/plugins/com.st.stm32cube.ide.mcu.externaltools.gnu-tools-for-stm32.10.3-2021.10.win32_1.0.200.202301161003/tools/bin/../lib/gcc/arm-none-eabi/10.3.1/thumb/v7-m/nofp/crti.o
 .ARM.attributes
                0x000000000000001d       0x2d c:/st/stm32cubeide_1.4.0/stm32cubeide/plugins/com.st.stm32cube.ide.mcu.externaltools.gnu-tools-for-stm32.10.3-2021.10.win32_1.0.200.202301161003/tools/bin/../lib/gcc/arm-none-eabi/10.3.1/thumb/v7-m/nofp/crtbegin.o
 .ARM.attributes
                0x000000000000004a       0x2d ./Src/main.o
 .ARM.attributes
                0x0000000000000077       0x21 ./Startup/startup_stm32f103c8tx.o
 .ARM.attributes
                0x0000000000000098       0x2d ./Stm32_F103C6_Drivers/GPIO/stm32f103x8_gpio_driver.o
 .ARM.attributes
                0x00000000000000c5       0x2d ./Stm32_F103C6_Drivers/stm32f103x8_EXTI_driver.o
 .ARM.attributes
                0x00000000000000f2       0x2d ./Stm32_F103C6_Drivers/stm32f103x8_I2C_Drver.o
 .ARM.attributes
                0x000000000000011f       0x2d ./Stm32_F103C6_Drivers/stm32f103x8_SPI_Drver.o
 .ARM.attributes
                0x000000000000014c       0x2d ./Stm32_F103C6_Drivers/stm32f103x8_USART_driver.o
 .ARM.attributes
                0x0000000000000179       0x2d c:/st/stm32cubeide_1.4.0/stm32cubeide/plugins/com.st.stm32cube.ide.mcu.externaltools.gnu-tools-for-stm32.10.3-2021.10.win32_1.0.200.202301161003/tools/bin/../lib/gcc/arm-none-eabi/10.3.1/../../../../arm-none-eabi/lib/thumb/v7-m/nofp\libc_nano.a(lib_a-init.o)
 .ARM.attributes
                0x00000000000001a6       0x1d c:/st/stm32cubeide_1.4.0/stm32cubeide/plugins/com.st.stm32cube.ide.mcu.externaltools.gnu-tools-for-stm32.10.3-2021.10.win32_1.0.200.202301161003/tools/bin/../lib/gcc/arm-none-eabi/10.3.1/thumb/v7-m/nofp/crtn.o
OUTPUT(ARM_Course.axf elf32-littlearm)
LOAD linker stubs
LOAD c:/st/stm32cubeide_1.4.0/stm32cubeide/plugins/com.st.stm32cube.ide.mcu.externaltools.gnu-tools-for-stm32.10.3-2021.10.win32_1.0.200.202301161003/tools/bin/../lib/gcc/arm-none-eabi/10.3.1/../../../../arm-none-eabi/lib/thumb/v7-m/nofp\libc.a
LOAD c:/st/stm32cubeide_1.4.0/stm32cubeide/plugins/com.st.stm32cube.ide.mcu.externaltools.gnu-tools-for-stm32.10.3-2021.10.win32_1.0.200.202301161003/tools/bin/../lib/gcc/arm-none-eabi/10.3.1/../../../../arm-none-eabi/lib/thumb/v7-m/nofp\libm.a
LOAD c:/st/stm32cubeide_1.4.0/stm32cubeide/plugins/com.st.stm32cube.ide.mcu.externaltools.gnu-tools-for-stm32.10.3-2021.10.win32_1.0.200.202301161003/tools/bin/../lib/gcc/arm-none-eabi/10.3.1/thumb/v7-m/nofp\libgcc.a

.debug_info     0x0000000000000000     0x2395
 .debug_info    0x0000000000000000      0x4bd ./Src/main.o
 .debug_info    0x00000000000004bd       0x22 ./Startup/startup_stm32f103c8tx.o
 .debug_info    0x00000000000004df      0x460 ./Stm32_F103C6_Drivers/GPIO/stm32f103x8_gpio_driver.o
 .debug_info    0x000000000000093f      0x4ac ./Stm32_F103C6_Drivers/stm32f103x8_EXTI_driver.o
 .debug_info    0x0000000000000deb      0xa47 ./Stm32_F103C6_Drivers/stm32f103x8_I2C_Drver.o
 .debug_info    0x0000000000001832      0x627 ./Stm32_F103C6_Drivers/stm32f103x8_SPI_Drver.o
 .debug_info    0x0000000000001e59      0x53c ./Stm32_F103C6_Drivers/stm32f103x8_USART_driver.o

.debug_abbrev   0x0000000000000000      0xa8f
 .debug_abbrev  0x0000000000000000      0x1de ./Src/main.o
 .debug_abbrev  0x00000000000001de       0x12 ./Startup/startup_stm32f103c8tx.o
 .debug_abbrev  0x00000000000001f0      0x16d ./Stm32_F103C6_Drivers/GPIO/stm32f103x8_gpio_driver.o
 .debug_abbrev  0x000000000000035d      0x17e ./Stm32_F103C6_Drivers/stm32f103x8_EXTI_driver.o
 .debug_abbrev  0x00000000000004db      0x255 ./Stm32_F103C6_Drivers/stm32f103x8_I2C_Drver.o
 .debug_abbrev  0x0000000000000730      0x1a9 ./Stm32_F103C6_Drivers/stm32f103x8_SPI_Drver.o
 .debug_abbrev  0x00000000000008d9      0x1b6 ./Stm32_F103C6_Drivers/stm32f103x8_USART_driver.o

.debug_aranges  0x0000000000000000      0x2b0
 .debug_aranges
                0x0000000000000000       0x50 ./Src/main.o
 .debug_aranges
                0x0000000000000050       0x28 ./Startup/startup_stm32f103c8tx.o
 .debug_aranges
                0x0000000000000078       0x60 ./Stm32_F103C6_Drivers/GPIO/stm32f103x8_gpio_driver.o
 .debug_aranges
                0x00000000000000d8       0x80 ./Stm32_F103C6_Drivers/stm32f103x8_EXTI_driver.o
 .debug_aranges
                0x0000000000000158       0xa0 ./Stm32_F103C6_Drivers/stm32f103x8_I2C_Drver.o
 .debug_aranges
                0x00000000000001f8       0x58 ./Stm32_F103C6_Drivers/stm32f103x8_SPI_Drver.o
 .debug_aranges
                0x0000000000000250       0x60 ./Stm32_F103C6_Drivers/stm32f103x8_USART_driver.o

.debug_ranges   0x0000000000000000      0x248
 .debug_ranges  0x0000000000000000       0x40 ./Src/main.o
 .debug_ranges  0x0000000000000040       0x20 ./Startup/startup_stm32f103c8tx.o
 .debug_ranges  0x0000000000000060       0x50 ./Stm32_F103C6_Drivers/GPIO/stm32f103x8_gpio_driver.o
 .debug_ranges  0x00000000000000b0       0x70 ./Stm32_F103C6_Drivers/stm32f103x8_EXTI_driver.o
 .debug_ranges  0x0000000000000120       0x90 ./Stm32_F103C6_Drivers/stm32f103x8_I2C_Drver.o
 .debug_ranges  0x00000000000001b0       0x48 ./Stm32_F103C6_Drivers/stm32f103x8_SPI_Drver.o
 .debug_ranges  0x00000000000001f8       0x50 ./Stm32_F103C6_Drivers/stm32f103x8_USART_driver.o

.debug_macro    0x0000000000000000     0x3a64
 .debug_macro   0x0000000000000000      0x28d ./Src/main.o
 .debug_macro   0x000000000000028d      0xa72 ./Src/main.o
 .debug_macro   0x0000000000000cff       0x22 ./Src/main.o
 .debug_macro   0x0000000000000d21       0x8e ./Src/main.o
 .debug_macro   0x0000000000000daf       0x51 ./Src/main.o
 .debug_macro   0x0000000000000e00      0x103 ./Src/main.o
 .debug_macro   0x0000000000000f03       0x6a ./Src/main.o
 .debug_macro   0x0000000000000f6d      0x1df ./Src/main.o
 .debug_macro   0x000000000000114c       0x18 ./Src/main.o
 .debug_macro   0x0000000000001164       0x52 ./Src/main.o
 .debug_macro   0x00000000000011b6       0x3c ./Src/main.o
 .debug_macro   0x00000000000011f2       0x34 ./Src/main.o
 .debug_macro   0x0000000000001226       0x16 ./Src/main.o
 .debug_macro   0x000000000000123c      0x10e ./Src/main.o
 .debug_macro   0x000000000000134a       0x8d ./Src/main.o
 .debug_macro   0x00000000000013d7       0x16 ./Src/main.o
 .debug_macro   0x00000000000013ed       0x43 ./Src/main.o
 .debug_macro   0x0000000000001430       0x34 ./Src/main.o
 .debug_macro   0x0000000000001464       0x10 ./Src/main.o
 .debug_macro   0x0000000000001474       0x58 ./Src/main.o
 .debug_macro   0x00000000000014cc       0x71 ./Src/main.o
 .debug_macro   0x000000000000153d       0x1c ./Src/main.o
 .debug_macro   0x0000000000001559      0x12a ./Src/main.o
 .debug_macro   0x0000000000001683      0x341 ./Src/main.o
 .debug_macro   0x00000000000019c4       0x16 ./Src/main.o
 .debug_macro   0x00000000000019da       0x29 ./Src/main.o
 .debug_macro   0x0000000000001a03       0x1c ./Src/main.o
 .debug_macro   0x0000000000001a1f       0x35 ./Src/main.o
 .debug_macro   0x0000000000001a54       0x10 ./Src/main.o
 .debug_macro   0x0000000000001a64       0x10 ./Src/main.o
 .debug_macro   0x0000000000001a74       0x1c ./Src/main.o
 .debug_macro   0x0000000000001a90       0x52 ./Src/main.o
 .debug_macro   0x0000000000001ae2       0x22 ./Src/main.o
 .debug_macro   0x0000000000001b04       0x10 ./Src/main.o
 .debug_macro   0x0000000000001b14       0x52 ./Src/main.o
 .debug_macro   0x0000000000001b66       0xd5 ./Src/main.o
 .debug_macro   0x0000000000001c3b       0x1c ./Src/main.o
 .debug_macro   0x0000000000001c57       0x3d ./Src/main.o
 .debug_macro   0x0000000000001c94       0x16 ./Src/main.o
 .debug_macro   0x0000000000001caa      0x145 ./Src/main.o
 .debug_macro   0x0000000000001def      0x6be ./Src/main.o
 .debug_macro   0x00000000000024ad       0xd0 ./Src/main.o
 .debug_macro   0x000000000000257d       0xa0 ./Src/main.o
 .debug_macro   0x000000000000261d       0x40 ./Src/main.o
 .debug_macro   0x000000000000265d      0x228 ./Src/main.o
 .debug_macro   0x0000000000002885       0x16 ./Src/main.o
 .debug_macro   0x000000000000289b       0xe8 ./Src/main.o
 .debug_macro   0x0000000000002983       0xcb ./Src/main.o
 .debug_macro   0x0000000000002a4e       0x67 ./Src/main.o
 .debug_macro   0x0000000000002ab5       0x10 ./Src/main.o
 .debug_macro   0x0000000000002ac5      0x14c ./Stm32_F103C6_Drivers/GPIO/stm32f103x8_gpio_driver.o
 .debug_macro   0x0000000000002c11      0x6b8 ./Stm32_F103C6_Drivers/GPIO/stm32f103x8_gpio_driver.o
 .debug_macro   0x00000000000032c9      0x15f ./Stm32_F103C6_Drivers/stm32f103x8_EXTI_driver.o
 .debug_macro   0x0000000000003428       0xd6 ./Stm32_F103C6_Drivers/stm32f103x8_EXTI_driver.o
 .debug_macro   0x00000000000034fe      0x16a ./Stm32_F103C6_Drivers/stm32f103x8_I2C_Drver.o
 .debug_macro   0x0000000000003668       0x61 ./Stm32_F103C6_Drivers/stm32f103x8_I2C_Drver.o
 .debug_macro   0x00000000000036c9      0x178 ./Stm32_F103C6_Drivers/stm32f103x8_SPI_Drver.o
 .debug_macro   0x0000000000003841       0xc5 ./Stm32_F103C6_Drivers/stm32f103x8_SPI_Drver.o
 .debug_macro   0x0000000000003906      0x15e ./Stm32_F103C6_Drivers/stm32f103x8_USART_driver.o

.debug_line     0x0000000000000000     0x355b
 .debug_line    0x0000000000000000      0x7f6 ./Src/main.o
 .debug_line    0x00000000000007f6       0x84 ./Startup/startup_stm32f103c8tx.o
 .debug_line    0x000000000000087a      0x7d6 ./Stm32_F103C6_Drivers/GPIO/stm32f103x8_gpio_driver.o
 .debug_line    0x0000000000001050      0x98a ./Stm32_F103C6_Drivers/stm32f103x8_EXTI_driver.o
 .debug_line    0x00000000000019da      0xad8 ./Stm32_F103C6_Drivers/stm32f103x8_I2C_Drver.o
 .debug_line    0x00000000000024b2      0x8e1 ./Stm32_F103C6_Drivers/stm32f103x8_SPI_Drver.o
 .debug_line    0x0000000000002d93      0x7c8 ./Stm32_F103C6_Drivers/stm32f103x8_USART_driver.o

.debug_str      0x0000000000000000     0xd654
 .debug_str     0x0000000000000000     0xca38 ./Src/main.o
                                       0xcc5e (size before relaxing)
 .debug_str     0x000000000000ca38       0x31 ./Startup/startup_stm32f103c8tx.o
                                         0x67 (size before relaxing)
 .debug_str     0x000000000000ca69      0x15c ./Stm32_F103C6_Drivers/GPIO/stm32f103x8_gpio_driver.o
                                       0x96ce (size before relaxing)
 .debug_str     0x000000000000cbc5      0x1eb ./Stm32_F103C6_Drivers/stm32f103x8_EXTI_driver.o
                                       0xab2f (size before relaxing)
 .debug_str     0x000000000000cdb0      0x494 ./Stm32_F103C6_Drivers/stm32f103x8_I2C_Drver.o
                                       0x9d03 (size before relaxing)
 .debug_str     0x000000000000d244      0x28f ./Stm32_F103C6_Drivers/stm32f103x8_SPI_Drver.o
                                       0x9dfd (size before relaxing)
 .debug_str     0x000000000000d4d3      0x181 ./Stm32_F103C6_Drivers/stm32f103x8_USART_driver.o
                                       0x9e27 (size before relaxing)

.comment        0x0000000000000000       0x50
 .comment       0x0000000000000000       0x50 ./Src/main.o
                                         0x51 (size before relaxing)
 .comment       0x0000000000000050       0x51 ./Stm32_F103C6_Drivers/GPIO/stm32f103x8_gpio_driver.o
 .comment       0x0000000000000050       0x51 ./Stm32_F103C6_Drivers/stm32f103x8_EXTI_driver.o
 .comment       0x0000000000000050       0x51 ./Stm32_F103C6_Drivers/stm32f103x8_I2C_Drver.o
 .comment       0x0000000000000050       0x51 ./Stm32_F103C6_Drivers/stm32f103x8_SPI_Drver.o
 .comment       0x0000000000000050       0x51 ./Stm32_F103C6_Drivers/stm32f103x8_USART_driver.o

.debug_frame    0x0000000000000000      0x974
 .debug_frame   0x0000000000000000      0x104 ./Src/main.o
 .debug_frame   0x0000000000000104      0x178 ./Stm32_F103C6_Drivers/GPIO/stm32f103x8_gpio_driver.o
 .debug_frame   0x000000000000027c      0x1b0 ./Stm32_F103C6_Drivers/stm32f103x8_EXTI_driver.o
 .debug_frame   0x000000000000042c      0x288 ./Stm32_F103C6_Drivers/stm32f103x8_I2C_Drver.o
 .debug_frame   0x00000000000006b4      0x148 ./Stm32_F103C6_Drivers/stm32f103x8_SPI_Drver.o
 .debug_frame   0x00000000000007fc      0x14c ./Stm32_F103C6_Drivers/stm32f103x8_USART_driver.o
 .debug_frame   0x0000000000000948       0x2c c:/st/stm32cubeide_1.4.0/stm32cubeide/plugins/com.st.stm32cube.ide.mcu.externaltools.gnu-tools-for-stm32.10.3-2021.10.win32_1.0.200.202301161003/tools/bin/../lib/gcc/arm-none-eabi/10.3.1/../../../../arm-none-eabi/lib/thumb/v7-m/nofp\libc_nano.a(lib_a-init.o)
