
Memory Configuration

Name             Origin             Length             Attributes
flash            0x00000000         0x00080000         xr
sram             0x20000000         0x00005000         xrw
*default*        0x00000000         0xffffffff

Linker script and memory map


.text           0x00000000      0x12c
 *(.vectors*)
 .vectors       0x00000000       0x10 startup.o
                0x00000000                g_p_fn
 *(.text*)
 .text          0x00000010       0x90 startup.o
                0x00000010                H_fault_Handler
                0x00000010                Default_Handler
                0x00000010                NMI_Handler
                0x0000001c                Reset_Handler
 .text          0x000000a0       0x8c main.o
                0x000000a0                main
 *(.rodata)
                0x0000012c                _E_text = .

.glue_7         0x0000012c        0x0
 .glue_7        0x0000012c        0x0 linker stubs

.glue_7t        0x0000012c        0x0
 .glue_7t       0x0000012c        0x0 linker stubs

.vfp11_veneer   0x0000012c        0x0
 .vfp11_veneer  0x0000012c        0x0 linker stubs

.v4_bx          0x0000012c        0x0
 .v4_bx         0x0000012c        0x0 linker stubs

.iplt           0x0000012c        0x0
 .iplt          0x0000012c        0x0 startup.o

.rel.dyn        0x0000012c        0x0
 .rel.iplt      0x0000012c        0x0 startup.o

.data           0x20000000        0x0 load address 0x0000012c
                0x20000000                _S_data = .
 *(.data)
 .data          0x20000000        0x0 startup.o
 .data          0x20000000        0x0 main.o
                0x20000000                . = ALIGN (0x4)
                0x20000000                _E_data = .

.igot.plt       0x20000000        0x0 load address 0x0000012c
 .igot.plt      0x20000000        0x0 startup.o

.bss            0x20000000      0x400 load address 0x0000012c
                0x20000000                _S_bss = .
 *(.bss)
 .bss           0x20000000      0x400 startup.o
 .bss           0x20000400        0x0 main.o
                0x20000400                _E_bss = .
LOAD startup.o
LOAD main.o
OUTPUT(learn-in-depth_cortex_m4.elf elf32-littlearm)

.debug_info     0x00000000      0x24b
 .debug_info    0x00000000      0x1a4 startup.o
 .debug_info    0x000001a4       0xa7 main.o

.debug_abbrev   0x00000000      0x148
 .debug_abbrev  0x00000000       0xda startup.o
 .debug_abbrev  0x000000da       0x6e main.o

.debug_loc      0x00000000       0xb4
 .debug_loc     0x00000000       0x7c startup.o
 .debug_loc     0x0000007c       0x38 main.o

.debug_aranges  0x00000000       0x40
 .debug_aranges
                0x00000000       0x20 startup.o
 .debug_aranges
                0x00000020       0x20 main.o

.debug_line     0x00000000       0xca
 .debug_line    0x00000000       0x67 startup.o
 .debug_line    0x00000067       0x63 main.o

.debug_str      0x00000000      0x17d
 .debug_str     0x00000000      0x165 startup.o
                                0x199 (size before relaxing)
 .debug_str     0x00000165       0x18 main.o
                                 0xbb (size before relaxing)

.comment        0x00000000       0x7e
 .comment       0x00000000       0x7e startup.o
                                 0x7f (size before relaxing)
 .comment       0x0000007e       0x7f main.o

.ARM.attributes
                0x00000000       0x33
 .ARM.attributes
                0x00000000       0x33 startup.o
 .ARM.attributes
                0x00000033       0x33 main.o

.debug_frame    0x00000000       0x7c
 .debug_frame   0x00000000       0x50 startup.o
 .debug_frame   0x00000050       0x2c main.o
