
Memory Configuration

Name             Origin             Length             Attributes
Mem              0x00000000         0x04000000         xrw
*default*        0x00000000         0xffffffff

Linker script and memory map

                0x00010000                . = 0x10000

.startup        0x00000000       0x10
 startup.o(.text)
 .text          0x00000000       0x10 startup.o
                0x00000000                reset

.text           0x00000010       0x70
 *(.text)
 .text          0x00000010       0x1c app.o
                0x00000010                main
 .text          0x0000002c       0x54 uart.o
                0x0000002c                Uart_send_string
 *(.rodate)

.glue_7         0x00000080        0x0
 .glue_7        0x00000080        0x0 linker stubs

.glue_7t        0x00000080        0x0
 .glue_7t       0x00000080        0x0 linker stubs

.vfp11_veneer   0x00000080        0x0
 .vfp11_veneer  0x00000080        0x0 linker stubs

.v4_bx          0x00000080        0x0
 .v4_bx         0x00000080        0x0 linker stubs

.iplt           0x00000080        0x0
 .iplt          0x00000080        0x0 startup.o

.rel.dyn        0x00000080        0x0
 .rel.iplt      0x00000080        0x0 startup.o

.data           0x00000080       0x64
 *(.data)
 .data          0x00000080        0x0 startup.o
 .data          0x00000080       0x64 app.o
                0x00000080                arr
 .data          0x000000e4        0x0 uart.o

.igot.plt       0x000000e4        0x0
 .igot.plt      0x000000e4        0x0 startup.o

.bss            0x000000e4        0x0
 *(.bss)
 .bss           0x000000e4        0x0 startup.o
 .bss           0x000000e4        0x0 app.o
 .bss           0x000000e4        0x0 uart.o
 *(COMMON)
                0x000010e4                . = (. + 0x1000)
                0x000010e4                stack_top = .
LOAD startup.o
LOAD app.o
LOAD uart.o
OUTPUT(learn-in-depth.bin elf32-littlearm)

.ARM.attributes
                0x00000000       0x2e
 .ARM.attributes
                0x00000000       0x22 startup.o
 .ARM.attributes
                0x00000022       0x32 app.o
 .ARM.attributes
                0x00000054       0x32 uart.o

.comment        0x00000000       0x7e
 .comment       0x00000000       0x7e app.o
                                 0x7f (size before relaxing)
 .comment       0x0000007e       0x7f uart.o

.debug_info     0x00000000     0x117c
 .debug_info    0x00000000      0x8c7 app.o
 .debug_info    0x000008c7      0x8b5 uart.o

.debug_abbrev   0x00000000      0x34c
 .debug_abbrev  0x00000000      0x1a7 app.o
 .debug_abbrev  0x000001a7      0x1a5 uart.o

.debug_aranges  0x00000000       0x40
 .debug_aranges
                0x00000000       0x20 app.o
 .debug_aranges
                0x00000020       0x20 uart.o

.debug_line     0x00000000      0x23c
 .debug_line    0x00000000      0x11c app.o
 .debug_line    0x0000011c      0x120 uart.o

.debug_str      0x00000000      0x4c8
 .debug_str     0x00000000      0x4b0 app.o
                                0x508 (size before relaxing)
 .debug_str     0x000004b0       0x18 uart.o
                                0x515 (size before relaxing)

.debug_frame    0x00000000       0x5c
 .debug_frame   0x00000000       0x2c app.o
 .debug_frame   0x0000002c       0x30 uart.o
